
> basketball-be@1.0.0 build
> nest build

node.exe : [96msrc/ma
tches/matches.controll
er.ts[0m:[93m37[0m:
[93m32[0m - 
[91merror[0m[90m 
TS2339: [0mProperty 
'findAll' does not 
exist on type 
'MatchesService'.
At line:1 char:1
+ & "C:\Program Files\
nodejs/node.exe" 
"C:\Program 
Files\nodejs/node_mo 
...
+ ~~~~~~~~~~~~~~~~~~~~
~~~~~~~~~~~~~~~~~~~~~~
~~~~~~~~~~~~~~~~~~~~~~
~~~~~
    + CategoryInfo    
          : NotSpeci  
  fied: ([96msrc/m   
 atche...atchesSer    
vice'.:String) []    
, RemoteException
    + FullyQualifiedE 
   rrorId : NativeCo  
  mmandError
 

[7m37[0m     return 
this.matchesService.fi
ndAll(tournamentId, 
status);
[7m  [0m [91m      
                      
   ~~~~~~~[0m
[96msrc/matches/match
es.controller.ts[0m:
[93m42[0m:[93m32[0m
 - 
[91merror[0m[90m 
TS2339: [0mProperty 
'findOne' does not 
exist on type 
'MatchesService'.

[7m42[0m     return 
this.matchesService.fi
ndOne(id);
[7m  [0m [91m      
                      
   ~~~~~~~[0m
[96msrc/matches/match
es.controller.ts[0m:
[93m49[0m:[93m32[0m
 - 
[91merror[0m[90m 
TS2339: [0mProperty 
'update' does not 
exist on type 
'MatchesService'.

[7m49[0m     return 
this.matchesService.up
date(id, 
updateMatchDto);
[7m  [0m [91m      
                      
   ~~~~~~[0m
[96msrc/matches/match
es.controller.ts[0m:
[93m56[0m:[93m32[0m
 - 
[91merror[0m[90m 
TS2339: [0mProperty 
'remove' does not 
exist on type 
'MatchesService'.

[7m56[0m     return 
this.matchesService.re
move(id);
[7m  [0m [91m      
                      
   ~~~~~~[0m
[96msrc/matches/match
es.service.ts[0m:[93
m15[0m:[93m49[0m - 
[91merror[0m[90m 
TS2355: [0mA 
function whose 
declared type is 
neither 'undefined', 
'void', nor 'any' 
must return a value.

[7m15[0m   async cre
ate(createMatchDto: 
CreateMatchDto): 
Promise<Match> {
[7m  [0m [91m      
                      
                    
~~~~~~~~~~~~~~[0m
[96msrc/matches/match
es.service.ts[0m:[93
m80[0m:[93m9[0m - 
[91merror[0m[90m 
TS1128: 
[0mDeclaration or 
statement expected.

[7m80[0m         
...createMatchDto,
[7m  [0m [91m      
  ~~~[0m
[96msrc/matches/match
es.service.ts[0m:[93
m80[0m:[93m12[0m - 
[91merror[0m[90m 
TS2695: [0mLeft side 
of comma operator is 
unused and has no 
side effects.

[7m80[0m         
...createMatchDto,
[7m  [0m [91m      
     
~~~~~~~~~~~~~~[0m
[96msrc/matches/match
es.service.ts[0m:[93
m81[0m:[93m9[0m - 
[91merror[0m[90m 
TS2304: [0mCannot 
find name 
'scheduledDate'.

[7m81[0m         
scheduledDate: new Dat
e(createMatchDto.sched
uledDate.endsWith('Z')
 || createMatchDto.sch
eduledDate.includes('+
') || createMatchDto.s
cheduledDate.includes(
'-')
[7m  [0m [91m      
  ~~~~~~~~~~~~~[0m
[96msrc/matches/match
es.service.ts[0m:[93
m81[0m:[93m22[0m - 
[91merror[0m[90m 
TS1005: [0m';' 
expected.

[7m81[0m         
scheduledDate: new Dat
e(createMatchDto.sched
uledDate.endsWith('Z')
 || createMatchDto.sch
eduledDate.includes('+
') || createMatchDto.s
cheduledDate.includes(
'-')
[7m  [0m [91m      
               ~[0m
[96msrc/matches/match
es.service.ts[0m:[93
m84[0m:[93m9[0m - 
[91merror[0m[90m 
TS2304: [0mCannot 
find name 'status'.

[7m84[0m         
status: 
createMatchDto.status 
|| 
MatchStatus.SCHEDULED,
[7m  [0m [91m      
  ~~~~~~[0m
[96msrc/matches/match
es.service.ts[0m:[93
m84[0m:[93m15[0m - 
[91merror[0m[90m 
TS1005: [0m';' 
expected.

[7m84[0m         
status: 
createMatchDto.status 
|| 
MatchStatus.SCHEDULED,
[7m  [0m [91m      
        ~[0m
[96msrc/matches/match
es.service.ts[0m:[93
m85[0m:[93m7[0m - 
[91merror[0m[90m 
TS1109: 
[0mExpression 
expected.

[7m85[0m       },
[7m  [0m [91m      
~[0m
[96msrc/matches/match
es.service.ts[0m:[93
m85[0m:[93m8[0m - 
[91merror[0m[90m 
TS1128: 
[0mDeclaration or 
statement expected.

[7m85[0m       },
[7m  [0m [91m      
 ~[0m
[96msrc/matches/match
es.service.ts[0m:[93
m87[0m:[93m21[0m - 
[91merror[0m[90m 
TS2695: [0mLeft side 
of comma operator is 
unused and has no 
side effects.

[7m87[0m         
tournament: true,
[7m  [0m [91m      
              ~~~~[0m
[96msrc/matches/match
es.service.ts[0m:[93
m88[0m:[93m17[0m - 
[91merror[0m[90m 
TS1005: [0m';' 
expected.

[7m88[0m         
homeTeam: true,
[7m  [0m [91m      
          ~[0m
[96msrc/matches/match
es.service.ts[0m:[93
m88[0m:[93m19[0m - 
[91merror[0m[90m 
TS2695: [0mLeft side 
of comma operator is 
unused and has no 
side effects.

[7m88[0m         
homeTeam: true,
[7m  [0m [91m      
            ~~~~[0m
[96msrc/matches/match
es.service.ts[0m:[93
m89[0m:[93m17[0m - 
[91merror[0m[90m 
TS1005: [0m';' 
expected.

[7m89[0m         
awayTeam: true,
[7m  [0m [91m      
          ~[0m
[96msrc/matches/match
es.service.ts[0m:[93
m89[0m:[93m19[0m - 
[91merror[0m[90m 
TS2695: [0mLeft side 
of comma operator is 
unused and has no 
side effects.

[7m89[0m         
awayTeam: true,
[7m  [0m [91m      
            ~~~~[0m
[96msrc/matches/match
es.service.ts[0m:[93
m90[0m:[93m7[0m - 
[91merror[0m[90m 
TS1109: 
[0mExpression 
expected.

[7m90[0m       },
[7m  [0m [91m      
~[0m
[96msrc/matches/match
es.service.ts[0m:[93
m90[0m:[93m8[0m - 
[91merror[0m[90m 
TS1128: 
[0mDeclaration or 
statement expected.

[7m90[0m       },
[7m  [0m [91m      
 ~[0m
[96msrc/matches/match
es.service.ts[0m:[93
m91[0m:[93m6[0m - 
[91merror[0m[90m 
TS1068: 
[0mUnexpected token. 
A constructor, 
method, accessor, or 
property was expected.

[7m91[0m     });
[7m  [0m [91m     
~[0m
[96msrc/matches/match
es.service.ts[0m:[93
m94[0m:[93m3[0m - 
[91merror[0m[90m 
TS1434: 
[0mUnexpected 
keyword or identifier.

[7m94[0m   async fin
dAll(tournamentId?: 
string, status?: 
MatchStatus): 
Promise<Match[]> {
[7m  [0m [91m  
~~~~~[0m
[96msrc/matches/match
es.service.ts[0m:[93
m94[0m:[93m3[0m - 
[91merror[0m[90m 
TS2304: [0mCannot 
find name 'async'.

[7m94[0m   async fin
dAll(tournamentId?: 
string, status?: 
MatchStatus): 
Promise<Match[]> {
[7m  [0m [91m  
~~~~~[0m
[96msrc/matches/match
es.service.ts[0m:[93
m94[0m:[93m9[0m - 
[91merror[0m[90m 
TS2304: [0mCannot 
find name 'findAll'.

[7m94[0m   async fin
dAll(tournamentId?: 
string, status?: 
MatchStatus): 
Promise<Match[]> {
[7m  [0m [91m      
  ~~~~~~~[0m
[96msrc/matches/match
es.service.ts[0m:[93
m94[0m:[93m17[0m - 
[91merror[0m[90m 
TS2304: [0mCannot 
find name 
'tournamentId'.

[7m94[0m   async fin
dAll(tournamentId?: 
string, status?: 
MatchStatus): 
Promise<Match[]> {
[7m  [0m [91m      
          
~~~~~~~~~~~~[0m
[96msrc/matches/match
es.service.ts[0m:[93
m94[0m:[93m30[0m - 
[91merror[0m[90m 
TS1109: 
[0mExpression 
expected.

[7m94[0m   async fin
dAll(tournamentId?: 
string, status?: 
MatchStatus): 
Promise<Match[]> {
[7m  [0m [91m      
                      
 ~[0m
[96msrc/matches/match
es.service.ts[0m:[93
m94[0m:[93m32[0m - 
[91merror[0m[90m 
TS2693: [0m'string' 
only refers to a 
type, but is being 
used as a value here.

[7m94[0m   async fin
dAll(tournamentId?: 
string, status?: 
MatchStatus): 
Promise<Match[]> {
[7m  [0m [91m      
                      
   ~~~~~~[0m
[96msrc/matches/match
es.service.ts[0m:[93
m94[0m:[93m40[0m - 
[91merror[0m[90m 
TS2304: [0mCannot 
find name 'status'.

[7m94[0m   async fin
dAll(tournamentId?: 
string, status?: 
MatchStatus): 
Promise<Match[]> {
[7m  [0m [91m      
                      
           ~~~~~~[0m
[96msrc/matches/match
es.service.ts[0m:[93
m94[0m:[93m47[0m - 
[91merror[0m[90m 
TS1109: 
[0mExpression 
expected.

[7m94[0m   async fin
dAll(tournamentId?: 
string, status?: 
MatchStatus): 
Promise<Match[]> {
[7m  [0m [91m      
                      
                  
~[0m
[96msrc/matches/match
es.service.ts[0m:[93
m94[0m:[93m61[0m - 
[91merror[0m[90m 
TS1005: [0m';' 
expected.

[7m94[0m   async fin
dAll(tournamentId?: 
string, status?: 
MatchStatus): 
Promise<Match[]> {
[7m  [0m [91m      
                      
                      
          ~[0m
[96msrc/matches/match
es.service.ts[0m:[93
m94[0m:[93m63[0m - 
[91merror[0m[90m 
TS2365: [0mOperator 
'>' cannot be applied 
to types 'boolean' 
and '{ const: any; 
any: {}; 
if(tournamentId: 
any): void; return: 
any; }'.

[7m 94[0m   async fi
ndAll(tournamentId?: 
string, status?: 
MatchStatus): 
Promise<Match[]> {
[7m   [0m [91m     
                      
                      
             
~~~~~~~~~~~~~~~~~~[0m
[7m 95[0m     const 
where: any = {};
[7m   [0m [91m~~~~~
~~~~~~~~~~~~~~~~~~~~~
[0m
[7m...[0m 
[7m124[0m     });
[7m   [0m 
[91m~~~~~~~[0m
[7m125[0m   }
[7m   [0m 
[91m~~~[0m
[96msrc/matches/match
es.service.ts[0m:[93
m94[0m:[93m71[0m - 
[91merror[0m[90m 
TS2693: [0m'Match' 
only refers to a 
type, but is being 
used as a value here.

[7m94[0m   async fin
dAll(tournamentId?: 
string, status?: 
MatchStatus): 
Promise<Match[]> {
[7m  [0m [91m      
                      
                      
                    
~~~~~[0m
[96msrc/matches/match
es.service.ts[0m:[93
m94[0m:[93m77[0m - 
[91merror[0m[90m 
TS1011: [0mAn 
element access 
expression should 
take an argument.

[7m94[0m   async fin
dAll(tournamentId?: 
string, status?: 
MatchStatus): 
Promise<Match[]> {
[7m  [0m [91m      
                      
                      
                      
    [0m
[96msrc/matches/match
es.service.ts[0m:[93
m95[0m:[93m11[0m - 
[91merror[0m[90m 
TS1005: [0m':' 
expected.

[7m95[0m     const 
where: any = {};
[7m  [0m [91m      
    ~~~~~[0m
[96msrc/matches/match
es.service.ts[0m:[93
m95[0m:[93m11[0m - 
[91merror[0m[90m 
TS2304: [0mCannot 
find name 'where'.

[7m95[0m     const 
where: any = {};
[7m  [0m [91m      
    ~~~~~[0m
[96msrc/matches/match
es.service.ts[0m:[93
m95[0m:[93m16[0m - 
[91merror[0m[90m 
TS1005: [0m',' 
expected.

[7m95[0m     const 
where: any = {};
[7m  [0m [91m      
         ~[0m
[96msrc/matches/match
es.service.ts[0m:[93
m95[0m:[93m26[0m - 
[91merror[0m[90m 
TS1005: [0m',' 
expected.

[7m95[0m     const 
where: any = {};
[7m  [0m [91m      
                   
~[0m
[96msrc/matches/match
es.service.ts[0m:[93
m97[0m:[93m7[0m - 
[91merror[0m[90m 
TS2304: [0mCannot 
find name 'where'.

[7m97[0m       
where.tournamentId = 
tournamentId;
[7m  [0m [91m      
~~~~~[0m
[96msrc/matches/match
es.service.ts[0m:[93
m99[0m:[93m5[0m - 
[91merror[0m[90m 
TS1005: [0m',' 
expected.

[7m99[0m     if 
(status) {
[7m  [0m [91m    
~~[0m
[96msrc/matches/match
es.service.ts[0m:[93
m100[0m:[93m7[0m - 
[91merror[0m[90m 
TS2304: [0mCannot 
find name 'where'.

[7m100[0m       
where.status = status;
[7m   [0m [91m     
 ~~~~~[0m
[96msrc/matches/match
es.service.ts[0m:[93
m103[0m:[93m5[0m - 
[91merror[0m[90m 
TS1005: [0m',' 
expected.

[7m103[0m     
return this.prisma.mat
ch.findMany({
[7m   [0m [91m    
~~~~~~[0m
[96msrc/matches/match
es.service.ts[0m:[93
m103[0m:[93m12[0m 
- [91merror[0m[90m 
TS1005: [0m':' 
expected.

[7m103[0m     
return this.prisma.mat
ch.findMany({
[7m   [0m [91m     
      ~~~~[0m
[96msrc/matches/match
es.service.ts[0m:[93
m103[0m:[93m12[0m 
- [91merror[0m[90m 
TS2532: [0mObject is 
possibly 'undefined'.

[7m103[0m     
return this.prisma.mat
ch.findMany({
[7m   [0m [91m     
      ~~~~[0m
[96msrc/matches/match
es.service.ts[0m:[93
m104[0m:[93m7[0m - 
[91merror[0m[90m 
TS18004: [0mNo value 
exists in scope for 
the shorthand 
property 'where'. 
Either declare one or 
provide an 
initializer.

[7m104[0m       
where,
[7m   [0m [91m     
 ~~~~~[0m
[96msrc/matches/match
es.service.ts[0m:[93
m124[0m:[93m7[0m - 
[91merror[0m[90m 
TS1005: [0m',' 
expected.

[7m124[0m     });
[7m   [0m [91m     
 ~[0m
[96msrc/matches/match
es.service.ts[0m:[93
m127[0m:[93m3[0m - 
[91merror[0m[90m 
TS1434: 
[0mUnexpected 
keyword or identifier.

[7m127[0m   async 
findOne(id: string): 
Promise<Match> {
[7m   [0m [91m  
~~~~~[0m
[96msrc/matches/match
es.service.ts[0m:[93
m127[0m:[93m3[0m - 
[91merror[0m[90m 
TS2304: [0mCannot 
find name 'async'.

[7m127[0m   async 
findOne(id: string): 
Promise<Match> {
[7m   [0m [91m  
~~~~~[0m
[96msrc/matches/match
es.service.ts[0m:[93
m127[0m:[93m9[0m - 
[91merror[0m[90m 
TS2304: [0mCannot 
find name 'findOne'.

[7m127[0m   async 
findOne(id: string): 
Promise<Match> {
[7m   [0m [91m     
   ~~~~~~~[0m
[96msrc/matches/match
es.service.ts[0m:[93
m127[0m:[93m17[0m 
- [91merror[0m[90m 
TS2304: [0mCannot 
find name 'id'.

[7m127[0m   async 
findOne(id: string): 
Promise<Match> {
[7m   [0m [91m     
           ~~[0m
[96msrc/matches/match
es.service.ts[0m:[93
m127[0m:[93m19[0m 
- [91merror[0m[90m 
TS1005: [0m',' 
expected.

[7m127[0m   async 
findOne(id: string): 
Promise<Match> {
[7m   [0m [91m     
             ~[0m
[96msrc/matches/match
es.service.ts[0m:[93
m127[0m:[93m21[0m 
- [91merror[0m[90m 
TS2693: [0m'string' 
only refers to a 
type, but is being 
used as a value here.

[7m127[0m   async 
findOne(id: string): 
Promise<Match> {
[7m   [0m [91m     
               
~~~~~~[0m
[96msrc/matches/match
es.service.ts[0m:[93
m127[0m:[93m28[0m 
- [91merror[0m[90m 
TS1005: [0m';' 
expected.

[7m127[0m   async 
findOne(id: string): 
Promise<Match> {
[7m   [0m [91m     
                      
~[0m
[96msrc/matches/match
es.service.ts[0m:[93
m127[0m:[93m30[0m 
- [91merror[0m[90m 
TS2365: [0mOperator 
'>' cannot be applied 
to types 'boolean' 
and '{ const: any; 
if(: any, match: 
any): never; return: 
any; }'.

[7m127[0m   async 
findOne(id: string): 
Promise<Match> {
[7m   [0m [91m     
                      
  ~~~~~~~~~~~~~~~~[0m
[7m128[0m     const 
match = await this.pri
sma.match.findUnique({
[7m   [0m [91m~~~~~
~~~~~~~~~~~~~~~~~~~~~~
~~~~~~~~~~~~~~~~~~~~~~
~~~~~[0m
[7m...[0m 
[7m170[0m     
return match;
[7m   [0m [91m~~~~~
~~~~~~~~~~~~[0m
[7m171[0m   }
[7m   [0m 
[91m~~~[0m
[96msrc/matches/match
es.service.ts[0m:[93
m127[0m:[93m38[0m 
- [91merror[0m[90m 
TS2693: [0m'Match' 
only refers to a 
type, but is being 
used as a value here.

[7m127[0m   async 
findOne(id: string): 
Promise<Match> {
[7m   [0m [91m     
                      
          ~~~~~[0m
[96msrc/matches/match
es.service.ts[0m:[93
m128[0m:[93m11[0m 
- [91merror[0m[90m 
TS1005: [0m':' 
expected.

[7m128[0m     const 
match = await this.pri
sma.match.findUnique({
[7m   [0m [91m     
     ~~~~~[0m
[96msrc/matches/match
es.service.ts[0m:[93
m128[0m:[93m11[0m 
- [91merror[0m[90m 
TS2304: [0mCannot 
find name 'match'.

[7m128[0m     const 
match = await this.pri
sma.match.findUnique({
[7m   [0m [91m     
     ~~~~~[0m
[96msrc/matches/match
es.service.ts[0m:[93
m128[0m:[93m25[0m 
- [91merror[0m[90m 
TS2532: [0mObject is 
possibly 'undefined'.

[7m128[0m     const 
match = await this.pri
sma.match.findUnique({
[7m   [0m [91m     
                   
~~~~[0m
[96msrc/matches/match
es.service.ts[0m:[93
m129[0m:[93m16[0m 
- [91merror[0m[90m 
TS18004: [0mNo value 
exists in scope for 
the shorthand 
property 'id'. Either 
declare one or 
provide an 
initializer.

[7m129[0m       
where: { id },
[7m   [0m [91m     
          ~~[0m
[96msrc/matches/match
es.service.ts[0m:[93
m164[0m:[93m7[0m - 
[91merror[0m[90m 
TS1005: [0m',' 
expected.

[7m164[0m     });
[7m   [0m [91m     
 ~[0m
[96msrc/matches/match
es.service.ts[0m:[93
m166[0m:[93m9[0m - 
[91merror[0m[90m 
TS1003: 
[0mIdentifier 
expected.

[7m166[0m     if 
(!match) {
[7m   [0m [91m     
   ~[0m
[96msrc/matches/match
es.service.ts[0m:[93
m167[0m:[93m52[0m 
- [91merror[0m[90m 
TS2304: [0mCannot 
find name 'id'.

[7m167[0m       
throw new NotFoundExce
ption(`Match with ID 
${id} not found`);
[7m   [0m [91m     
                      
                      
  ~~[0m
[96msrc/matches/match
es.service.ts[0m:[93
m170[0m:[93m5[0m - 
[91merror[0m[90m 
TS1005: [0m',' 
expected.

[7m170[0m     
return match;
[7m   [0m [91m    
~~~~~~[0m
[96msrc/matches/match
es.service.ts[0m:[93
m170[0m:[93m12[0m 
- [91merror[0m[90m 
TS1005: [0m':' 
expected.

[7m170[0m     
return match;
[7m   [0m [91m     
      ~~~~~[0m
[96msrc/matches/match
es.service.ts[0m:[93
m170[0m:[93m12[0m 
- [91merror[0m[90m 
TS2304: [0mCannot 
find name 'match'.

[7m170[0m     
return match;
[7m   [0m [91m     
      ~~~~~[0m
[96msrc/matches/match
es.service.ts[0m:[93
m170[0m:[93m17[0m 
- [91merror[0m[90m 
TS1005: [0m',' 
expected.

[7m170[0m     
return match;
[7m   [0m [91m     
           ~[0m
[96msrc/matches/match
es.service.ts[0m:[93
m173[0m:[93m3[0m - 
[91merror[0m[90m 
TS1434: 
[0mUnexpected 
keyword or identifier.

[7m173[0m   async 
update(id: string, 
updateMatchDto: 
UpdateMatchDto): 
Promise<Match> {
[7m   [0m [91m  
~~~~~[0m
[96msrc/matches/match
es.service.ts[0m:[93
m173[0m:[93m3[0m - 
[91merror[0m[90m 
TS2304: [0mCannot 
find name 'async'.

[7m173[0m   async 
update(id: string, 
updateMatchDto: 
UpdateMatchDto): 
Promise<Match> {
[7m   [0m [91m  
~~~~~[0m
[96msrc/matches/match
es.service.ts[0m:[93
m173[0m:[93m9[0m - 
[91merror[0m[90m 
TS2304: [0mCannot 
find name 'update'.

[7m173[0m   async 
update(id: string, 
updateMatchDto: 
UpdateMatchDto): 
Promise<Match> {
[7m   [0m [91m     
   ~~~~~~[0m
[96msrc/matches/match
es.service.ts[0m:[93
m173[0m:[93m16[0m 
- [91merror[0m[90m 
TS2304: [0mCannot 
find name 'id'.

[7m173[0m   async 
update(id: string, 
updateMatchDto: 
UpdateMatchDto): 
Promise<Match> {
[7m   [0m [91m     
          ~~[0m
[96msrc/matches/match
es.service.ts[0m:[93
m173[0m:[93m18[0m 
- [91merror[0m[90m 
TS1005: [0m',' 
expected.

[7m173[0m   async 
update(id: string, 
updateMatchDto: 
UpdateMatchDto): 
Promise<Match> {
[7m   [0m [91m     
            ~[0m
[96msrc/matches/match
es.service.ts[0m:[93
m173[0m:[93m20[0m 
- [91merror[0m[90m 
TS2693: [0m'string' 
only refers to a 
type, but is being 
used as a value here.

[7m173[0m   async 
update(id: string, 
updateMatchDto: 
UpdateMatchDto): 
Promise<Match> {
[7m   [0m [91m     
              
~~~~~~[0m
[96msrc/matches/match
es.service.ts[0m:[93
m173[0m:[93m28[0m 
- [91merror[0m[90m 
TS2304: [0mCannot 
find name 
'updateMatchDto'.

[7m173[0m   async 
update(id: string, 
updateMatchDto: 
UpdateMatchDto): 
Promise<Match> {
[7m   [0m [91m     
                      
~~~~~~~~~~~~~~[0m
[96msrc/matches/match
es.service.ts[0m:[93
m173[0m:[93m42[0m 
- [91merror[0m[90m 
TS1005: [0m',' 
expected.

[7m173[0m   async 
update(id: string, 
updateMatchDto: 
UpdateMatchDto): 
Promise<Match> {
[7m   [0m [91m     
                      
              ~[0m
[96msrc/matches/match
es.service.ts[0m:[93
m173[0m:[93m59[0m 
- [91merror[0m[90m 
TS1005: [0m';' 
expected.

[7m173[0m   async 
update(id: string, 
updateMatchDto: 
UpdateMatchDto): 
Promise<Match> {
[7m   [0m [91m     
                      
                      
         ~[0m
[96msrc/matches/match
es.service.ts[0m:[93
m173[0m:[93m61[0m 
- [91merror[0m[90m 
TS2365: [0mOperator 
'>' cannot be applied 
to types 'boolean' 
and '{ const: any; 
any: any; 
if(updateMatchDto: 
any): any; "": any; 
}'.

[7m173[0m   async 
update(id: string, 
updateMatchDto: 
UpdateMatchDto): 
Promise<Match> {
[7m   [0m [91m     
                      
                      
           
~~~~~~~~~~~~~~~~[0m
[7m174[0m     const 
match = await 
this.findOne(id);
[7m   [0m [91m~~~~~
~~~~~~~~~~~~~~~~~~~~~~
~~~~~~~~~~~~~~[0m
[7m...[0m 
[7m176[0m     const 
updateData: any = { 
...updateMatchDto };
[7m   [0m [91m~~~~~
~~~~~~~~~~~~~~~~~~~~~~
~~~~~~~~~~~~~~~~~~~~~~
~[0m
[7m177[0m     if (up
dateMatchDto.scheduled
Date) {
[7m   [0m [91m~~~~~
~~~~~~~~~~~~~~~~~~~~~~
~~~~~~~~~~[0m
[96msrc/matches/match
es.service.ts[0m:[93
m173[0m:[93m69[0m 
- [91merror[0m[90m 
TS2693: [0m'Match' 
only refers to a 
type, but is being 
used as a value here.

[7m173[0m   async 
update(id: string, 
updateMatchDto: 
UpdateMatchDto): 
Promise<Match> {
[7m   [0m [91m     
                      
                      
                   
~~~~~[0m
[96msrc/matches/match
es.service.ts[0m:[93
m174[0m:[93m11[0m 
- [91merror[0m[90m 
TS1005: [0m':' 
expected.

[7m174[0m     const 
match = await 
this.findOne(id);
[7m   [0m [91m     
     ~~~~~[0m
[96msrc/matches/match
es.service.ts[0m:[93
m174[0m:[93m11[0m 
- [91merror[0m[90m 
TS2304: [0mCannot 
find name 'match'.

[7m174[0m     const 
match = await 
this.findOne(id);
[7m   [0m [91m     
     ~~~~~[0m
[96msrc/matches/match
es.service.ts[0m:[93
m174[0m:[93m25[0m 
- [91merror[0m[90m 
TS2532: [0mObject is 
possibly 'undefined'.

[7m174[0m     const 
match = await 
this.findOne(id);
[7m   [0m [91m     
                   
~~~~[0m
[96msrc/matches/match
es.service.ts[0m:[93
m174[0m:[93m38[0m 
- [91merror[0m[90m 
TS2304: [0mCannot 
find name 'id'.

[7m174[0m     const 
match = await 
this.findOne(id);
[7m   [0m [91m     
                      
          ~~[0m
[96msrc/matches/match
es.service.ts[0m:[93
m174[0m:[93m41[0m 
- [91merror[0m[90m 
TS1005: [0m',' 
expected.

[7m174[0m     const 
match = await 
this.findOne(id);
[7m   [0m [91m     
                      
             ~[0m
[96msrc/matches/match
es.service.ts[0m:[93
m176[0m:[93m11[0m 
- [91merror[0m[90m 
TS1005: [0m':' 
expected.

[7m176[0m     const 
updateData: any = { 
...updateMatchDto };
[7m   [0m [91m     
     ~~~~~~~~~~[0m
[96msrc/matches/match
es.service.ts[0m:[93
m176[0m:[93m11[0m 
- [91merror[0m[90m 
TS2304: [0mCannot 
find name 
'updateData'.

[7m176[0m     const 
updateData: any = { 
...updateMatchDto };
[7m   [0m [91m     
     ~~~~~~~~~~[0m
[96msrc/matches/match
es.service.ts[0m:[93
m176[0m:[93m21[0m 
- [91merror[0m[90m 
TS1005: [0m',' 
expected.

[7m176[0m     const 
updateData: any = { 
...updateMatchDto };
[7m   [0m [91m     
               ~[0m
[96msrc/matches/match
es.service.ts[0m:[93
m176[0m:[93m34[0m 
- [91merror[0m[90m 
TS2304: [0mCannot 
find name 
'updateMatchDto'.

[7m176[0m     const 
updateData: any = { 
...updateMatchDto };
[7m   [0m [91m     
                      
      
~~~~~~~~~~~~~~[0m
[96msrc/matches/match
es.service.ts[0m:[93
m176[0m:[93m50[0m 
- [91merror[0m[90m 
TS1005: [0m',' 
expected.

[7m176[0m     const 
updateData: any = { 
...updateMatchDto };
[7m   [0m [91m     
                      
                      
~[0m
[96msrc/matches/match
es.service.ts[0m:[93
m177[0m:[93m23[0m 
- [91merror[0m[90m 
TS1005: [0m',' 
expected.

[7m177[0m     if (up
dateMatchDto.scheduled
Date) {
[7m   [0m [91m     
                 ~[0m
[96msrc/matches/match
es.service.ts[0m:[93
m177[0m:[93m37[0m 
- [91merror[0m[90m 
TS1005: [0m',' 
expected.

[7m177[0m     if (up
dateMatchDto.scheduled
Date) {
[7m   [0m [91m     
                      
         ~[0m
[96msrc/matches/match
es.service.ts[0m:[93
m177[0m:[93m39[0m 
- [91merror[0m[90m 
TS1136: [0mProperty 
assignment expected.

[7m177[0m     if (up
dateMatchDto.scheduled
Date) {
[7m   [0m [91m     
                      
           ~[0m
[96msrc/matches/match
es.service.ts[0m:[93
m178[0m:[93m7[0m - 
[91merror[0m[90m 
TS2304: [0mCannot 
find name 
'updateData'.

[7m178[0m       upda
teData.scheduledDate 
= new Date(updateMatch
Dto.scheduledDate.ends
With('Z') || updateMat
chDto.scheduledDate.in
cludes('+') || updateM
atchDto.scheduledDate.
includes('-')
[7m   [0m [91m     
 ~~~~~~~~~~[0m
[96msrc/matches/match
es.service.ts[0m:[93
m178[0m:[93m43[0m 
- [91merror[0m[90m 
TS2304: [0mCannot 
find name 
'updateMatchDto'.

[7m178[0m       upda
teData.scheduledDate 
= new Date(updateMatch
Dto.scheduledDate.ends
With('Z') || updateMat
chDto.scheduledDate.in
cludes('+') || updateM
atchDto.scheduledDate.
includes('-')
[7m   [0m [91m     
                      
               
~~~~~~~~~~~~~~[0m
[96msrc/matches/match
es.service.ts[0m:[93
m178[0m:[93m89[0m 
- [91merror[0m[90m 
TS2304: [0mCannot 
find name 
'updateMatchDto'.

[7m178[0m       upda
teData.scheduledDate 
= new Date(updateMatch
Dto.scheduledDate.ends
With('Z') || updateMat
chDto.scheduledDate.in
cludes('+') || updateM
atchDto.scheduledDate.
includes('-')
[7m   [0m [91m     
                      
                      
                      
                 
~~~~~~~~~~~~~~[0m
[96msrc/matches/match
es.service.ts[0m:[93
m178[0m:[93m135[0m 
- [91merror[0m[90m 
TS2304: [0mCannot 
find name 
'updateMatchDto'.

[7m178[0m       upda
teData.scheduledDate 
= new Date(updateMatch
Dto.scheduledDate.ends
With('Z') || updateMat
chDto.scheduledDate.in
cludes('+') || updateM
atchDto.scheduledDate.
includes('-')
[7m   [0m [91m     
                      
                      
                      
                      
                      
                   
~~~~~~~~~~~~~~[0m
[96msrc/matches/match
es.service.ts[0m:[93
m179[0m:[93m11[0m 
- [91merror[0m[90m 
TS2304: [0mCannot 
find name 
'updateMatchDto'.

[7m179[0m         ? 
updateMatchDto.schedul
edDate
[7m   [0m [91m     
     
~~~~~~~~~~~~~~[0m
[96msrc/matches/match
es.service.ts[0m:[93
m180[0m:[93m14[0m 
- [91merror[0m[90m 
TS2304: [0mCannot 
find name 
'updateMatchDto'.

[7m180[0m         : 
`${updateMatchDto.sche
duledDate}Z`);
[7m   [0m [91m     
        
~~~~~~~~~~~~~~[0m
[96msrc/matches/match
es.service.ts[0m:[93
m185[0m:[93m7[0m - 
[91merror[0m[90m 
TS2304: [0mCannot 
find name 
'updateMatchDto'.

[7m185[0m       upda
teMatchDto.quarter1Hom
e !== undefined ||
[7m   [0m [91m     
 ~~~~~~~~~~~~~~[0m
[96msrc/matches/match
es.service.ts[0m:[93
m186[0m:[93m7[0m - 
[91merror[0m[90m 
TS2304: [0mCannot 
find name 
'updateMatchDto'.

[7m186[0m       upda
teMatchDto.quarter2Hom
e !== undefined ||
[7m   [0m [91m     
 ~~~~~~~~~~~~~~[0m
[96msrc/matches/match
es.service.ts[0m:[93
m187[0m:[93m7[0m - 
[91merror[0m[90m 
TS2304: [0mCannot 
find name 
'updateMatchDto'.

[7m187[0m       upda
teMatchDto.quarter3Hom
e !== undefined ||
[7m   [0m [91m     
 ~~~~~~~~~~~~~~[0m
[96msrc/matches/match
es.service.ts[0m:[93
m188[0m:[93m7[0m - 
[91merror[0m[90m 
TS2304: [0mCannot 
find name 
'updateMatchDto'.

[7m188[0m       upda
teMatchDto.quarter4Hom
e !== undefined ||
[7m   [0m [91m     
 ~~~~~~~~~~~~~~[0m
[96msrc/matches/match
es.service.ts[0m:[93
m189[0m:[93m7[0m - 
[91merror[0m[90m 
TS2304: [0mCannot 
find name 
'updateMatchDto'.

[7m189[0m       upda
teMatchDto.overtimeHom
e !== undefined
[7m   [0m [91m     
 ~~~~~~~~~~~~~~[0m
[96msrc/matches/match
es.service.ts[0m:[93
m192[0m:[93m10[0m 
- [91merror[0m[90m 
TS2304: [0mCannot 
find name 
'updateMatchDto'.

[7m192[0m         (u
pdateMatchDto.quarter1
Home ?? 
match.quarter1Home ?? 
0) +
[7m   [0m [91m     
    ~~~~~~~~~~~~~~[0m
[96msrc/matches/match
es.service.ts[0m:[93
m192[0m:[93m41[0m 
- [91merror[0m[90m 
TS2304: [0mCannot 
find name 'match'.

[7m192[0m         (u
pdateMatchDto.quarter1
Home ?? 
match.quarter1Home ?? 
0) +
[7m   [0m [91m     
                      
             ~~~~~[0m
[96msrc/matches/match
es.service.ts[0m:[93
m193[0m:[93m10[0m 
- [91merror[0m[90m 
TS2304: [0mCannot 
find name 
'updateMatchDto'.

[7m193[0m         (u
pdateMatchDto.quarter2
Home ?? 
match.quarter2Home ?? 
0) +
[7m   [0m [91m     
    ~~~~~~~~~~~~~~[0m
[96msrc/matches/match
es.service.ts[0m:[93
m193[0m:[93m41[0m 
- [91merror[0m[90m 
TS2304: [0mCannot 
find name 'match'.

[7m193[0m         (u
pdateMatchDto.quarter2
Home ?? 
match.quarter2Home ?? 
0) +
[7m   [0m [91m     
                      
             ~~~~~[0m
[96msrc/matches/match
es.service.ts[0m:[93
m194[0m:[93m10[0m 
- [91merror[0m[90m 
TS2304: [0mCannot 
find name 
'updateMatchDto'.

[7m194[0m         (u
pdateMatchDto.quarter3
Home ?? 
match.quarter3Home ?? 
0) +
[7m   [0m [91m     
    ~~~~~~~~~~~~~~[0m
[96msrc/matches/match
es.service.ts[0m:[93
m194[0m:[93m41[0m 
- [91merror[0m[90m 
TS2304: [0mCannot 
find name 'match'.

[7m194[0m         (u
pdateMatchDto.quarter3
Home ?? 
match.quarter3Home ?? 
0) +
[7m   [0m [91m     
                      
             ~~~~~[0m
[96msrc/matches/match
es.service.ts[0m:[93
m195[0m:[93m10[0m 
- [91merror[0m[90m 
TS2304: [0mCannot 
find name 
'updateMatchDto'.

[7m195[0m         (u
pdateMatchDto.quarter4
Home ?? 
match.quarter4Home ?? 
0) +
[7m   [0m [91m     
    ~~~~~~~~~~~~~~[0m
[96msrc/matches/match
es.service.ts[0m:[93
m195[0m:[93m41[0m 
- [91merror[0m[90m 
TS2304: [0mCannot 
find name 'match'.

[7m195[0m         (u
pdateMatchDto.quarter4
Home ?? 
match.quarter4Home ?? 
0) +
[7m   [0m [91m     
                      
             ~~~~~[0m
[96msrc/matches/match
es.service.ts[0m:[93
m196[0m:[93m10[0m 
- [91merror[0m[90m 
TS2304: [0mCannot 
find name 
'updateMatchDto'.

[7m196[0m         (u
pdateMatchDto.overtime
Home ?? 
match.overtimeHome ?? 
0);
[7m   [0m [91m     
    ~~~~~~~~~~~~~~[0m
[96msrc/matches/match
es.service.ts[0m:[93
m196[0m:[93m41[0m 
- [91merror[0m[90m 
TS2304: [0mCannot 
find name 'match'.

[7m196[0m         (u
pdateMatchDto.overtime
Home ?? 
match.overtimeHome ?? 
0);
[7m   [0m [91m     
                      
             ~~~~~[0m
[96msrc/matches/match
es.service.ts[0m:[93
m197[0m:[93m7[0m - 
[91merror[0m[90m 
TS2304: [0mCannot 
find name 
'updateData'.

[7m197[0m       
updateData.homeScore 
= homeScore;
[7m   [0m [91m     
 ~~~~~~~~~~[0m
[96msrc/matches/match
es.service.ts[0m:[93
m201[0m:[93m7[0m - 
[91merror[0m[90m 
TS2304: [0mCannot 
find name 
'updateMatchDto'.

[7m201[0m       upda
teMatchDto.quarter1Awa
y !== undefined ||
[7m   [0m [91m     
 ~~~~~~~~~~~~~~[0m
[96msrc/matches/match
es.service.ts[0m:[93
m202[0m:[93m7[0m - 
[91merror[0m[90m 
TS2304: [0mCannot 
find name 
'updateMatchDto'.

[7m202[0m       upda
teMatchDto.quarter2Awa
y !== undefined ||
[7m   [0m [91m     
 ~~~~~~~~~~~~~~[0m
[96msrc/matches/match
es.service.ts[0m:[93
m203[0m:[93m7[0m - 
[91merror[0m[90m 
TS2304: [0mCannot 
find name 
'updateMatchDto'.

[7m203[0m       upda
teMatchDto.quarter3Awa
y !== undefined ||
[7m   [0m [91m     
 ~~~~~~~~~~~~~~[0m
[96msrc/matches/match
es.service.ts[0m:[93
m204[0m:[93m7[0m - 
[91merror[0m[90m 
TS2304: [0mCannot 
find name 
'updateMatchDto'.

[7m204[0m       upda
teMatchDto.quarter4Awa
y !== undefined ||
[7m   [0m [91m     
 ~~~~~~~~~~~~~~[0m
[96msrc/matches/match
es.service.ts[0m:[93
m205[0m:[93m7[0m - 
[91merror[0m[90m 
TS2304: [0mCannot 
find name 
'updateMatchDto'.

[7m205[0m       upda
teMatchDto.overtimeAwa
y !== undefined
[7m   [0m [91m     
 ~~~~~~~~~~~~~~[0m
[96msrc/matches/match
es.service.ts[0m:[93
m208[0m:[93m10[0m 
- [91merror[0m[90m 
TS2304: [0mCannot 
find name 
'updateMatchDto'.

[7m208[0m         (u
pdateMatchDto.quarter1
Away ?? 
match.quarter1Away ?? 
0) +
[7m   [0m [91m     
    ~~~~~~~~~~~~~~[0m
[96msrc/matches/match
es.service.ts[0m:[93
m208[0m:[93m41[0m 
- [91merror[0m[90m 
TS2304: [0mCannot 
find name 'match'.

[7m208[0m         (u
pdateMatchDto.quarter1
Away ?? 
match.quarter1Away ?? 
0) +
[7m   [0m [91m     
                      
             ~~~~~[0m
[96msrc/matches/match
es.service.ts[0m:[93
m209[0m:[93m10[0m 
- [91merror[0m[90m 
TS2304: [0mCannot 
find name 
'updateMatchDto'.

[7m209[0m         (u
pdateMatchDto.quarter2
Away ?? 
match.quarter2Away ?? 
0) +
[7m   [0m [91m     
    ~~~~~~~~~~~~~~[0m
[96msrc/matches/match
es.service.ts[0m:[93
m209[0m:[93m41[0m 
- [91merror[0m[90m 
TS2304: [0mCannot 
find name 'match'.

[7m209[0m         (u
pdateMatchDto.quarter2
Away ?? 
match.quarter2Away ?? 
0) +
[7m   [0m [91m     
                      
             ~~~~~[0m
[96msrc/matches/match
es.service.ts[0m:[93
m210[0m:[93m10[0m 
- [91merror[0m[90m 
TS2304: [0mCannot 
find name 
'updateMatchDto'.

[7m210[0m         (u
pdateMatchDto.quarter3
Away ?? 
match.quarter3Away ?? 
0) +
[7m   [0m [91m     
    ~~~~~~~~~~~~~~[0m
[96msrc/matches/match
es.service.ts[0m:[93
m210[0m:[93m41[0m 
- [91merror[0m[90m 
TS2304: [0mCannot 
find name 'match'.

[7m210[0m         (u
pdateMatchDto.quarter3
Away ?? 
match.quarter3Away ?? 
0) +
[7m   [0m [91m     
                      
             ~~~~~[0m
[96msrc/matches/match
es.service.ts[0m:[93
m211[0m:[93m10[0m 
- [91merror[0m[90m 
TS2304: [0mCannot 
find name 
'updateMatchDto'.

[7m211[0m         (u
pdateMatchDto.quarter4
Away ?? 
match.quarter4Away ?? 
0) +
[7m   [0m [91m     
    ~~~~~~~~~~~~~~[0m
[96msrc/matches/match
es.service.ts[0m:[93
m211[0m:[93m41[0m 
- [91merror[0m[90m 
TS2304: [0mCannot 
find name 'match'.

[7m211[0m         (u
pdateMatchDto.quarter4
Away ?? 
match.quarter4Away ?? 
0) +
[7m   [0m [91m     
                      
             ~~~~~[0m
[96msrc/matches/match
es.service.ts[0m:[93
m212[0m:[93m10[0m 
- [91merror[0m[90m 
TS2304: [0mCannot 
find name 
'updateMatchDto'.

[7m212[0m         (u
pdateMatchDto.overtime
Away ?? 
match.overtimeAway ?? 
0);
[7m   [0m [91m     
    ~~~~~~~~~~~~~~[0m
[96msrc/matches/match
es.service.ts[0m:[93
m212[0m:[93m41[0m 
- [91merror[0m[90m 
TS2304: [0mCannot 
find name 'match'.

Found 150 error(s).

[7m212[0m         (u
pdateMatchDto.overtime
Away ?? 
match.overtimeAway ?? 
0);
[7m   [0m [91m     
                      
             ~~~~~[0m
[96msrc/matches/match
es.service.ts[0m:[93
m213[0m:[93m7[0m - 
[91merror[0m[90m 
TS2304: [0mCannot 
find name 
'updateData'.

[7m213[0m       
updateData.awayScore 
= awayScore;
[7m   [0m [91m     
 ~~~~~~~~~~[0m
[96msrc/matches/match
es.service.ts[0m:[93
m230[0m:[93m3[0m - 
[91merror[0m[90m 
TS1128: 
[0mDeclaration or 
statement expected.

[7m230[0m   }
[7m   [0m [91m  
~[0m
[96msrc/matches/match
es.service.ts[0m:[93
m232[0m:[93m3[0m - 
[91merror[0m[90m 
TS1434: 
[0mUnexpected 
keyword or identifier.

[7m232[0m   async 
remove(id: string): 
Promise<void> {
[7m   [0m [91m  
~~~~~[0m
[96msrc/matches/match
es.service.ts[0m:[93
m232[0m:[93m3[0m - 
[91merror[0m[90m 
TS2304: [0mCannot 
find name 'async'.

[7m232[0m   async 
remove(id: string): 
Promise<void> {
[7m   [0m [91m  
~~~~~[0m
[96msrc/matches/match
es.service.ts[0m:[93
m232[0m:[93m9[0m - 
[91merror[0m[90m 
TS2304: [0mCannot 
find name 'remove'.

[7m232[0m   async 
remove(id: string): 
Promise<void> {
[7m   [0m [91m     
   ~~~~~~[0m
[96msrc/matches/match
es.service.ts[0m:[93
m232[0m:[93m16[0m 
- [91merror[0m[90m 
TS2304: [0mCannot 
find name 'id'.

[7m232[0m   async 
remove(id: string): 
Promise<void> {
[7m   [0m [91m     
          ~~[0m
[96msrc/matches/match
es.service.ts[0m:[93
m232[0m:[93m18[0m 
- [91merror[0m[90m 
TS1005: [0m',' 
expected.

[7m232[0m   async 
remove(id: string): 
Promise<void> {
[7m   [0m [91m     
            ~[0m
[96msrc/matches/match
es.service.ts[0m:[93
m232[0m:[93m20[0m 
- [91merror[0m[90m 
TS2693: [0m'string' 
only refers to a 
type, but is being 
used as a value here.

[7m232[0m   async 
remove(id: string): 
Promise<void> {
[7m   [0m [91m     
              
~~~~~~[0m
[96msrc/matches/match
es.service.ts[0m:[93
m232[0m:[93m27[0m 
- [91merror[0m[90m 
TS1005: [0m';' 
expected.

[7m232[0m   async 
remove(id: string): 
Promise<void> {
[7m   [0m [91m     
                     
~[0m
[96msrc/matches/match
es.service.ts[0m:[93
m232[0m:[93m29[0m 
- [91merror[0m[90m 
TS2365: [0mOperator 
'>' cannot be applied 
to types 'boolean' 
and '{ const: any; 
await: any; this: 
any; }'.

[7m232[0m   async 
remove(id: string): 
Promise<void> {
[7m   [0m [91m     
                      
 ~~~~~~~~~~~~~~~[0m
[7m233[0m     const 
match = await 
this.findOne(id);
[7m   [0m [91m~~~~~
~~~~~~~~~~~~~~~~~~~~~~
~~~~~~~~~~~~~~[0m
[7m...[0m 
[7m236[0m     });
[7m   [0m 
[91m~~~~~~~[0m
[7m237[0m   }
[7m   [0m 
[91m~~~[0m
[96msrc/matches/match
es.service.ts[0m:[93
m232[0m:[93m37[0m 
- [91merror[0m[90m 
TS2532: [0mObject is 
possibly 'undefined'.

[7m232[0m   async 
remove(id: string): 
Promise<void> {
[7m   [0m [91m     
                      
         ~~~~[0m
[96msrc/matches/match
es.service.ts[0m:[93
m232[0m:[93m41[0m 
- [91merror[0m[90m 
TS1109: 
[0mExpression 
expected.

[7m232[0m   async 
remove(id: string): 
Promise<void> {
[7m   [0m [91m     
                      
             ~[0m
[96msrc/matches/match
es.service.ts[0m:[93
m233[0m:[93m11[0m 
- [91merror[0m[90m 
TS1005: [0m':' 
expected.

[7m233[0m     const 
match = await 
this.findOne(id);
[7m   [0m [91m     
     ~~~~~[0m
[96msrc/matches/match
es.service.ts[0m:[93
m233[0m:[93m11[0m 
- [91merror[0m[90m 
TS2304: [0mCannot 
find name 'match'.

[7m233[0m     const 
match = await 
this.findOne(id);
[7m   [0m [91m     
     ~~~~~[0m
[96msrc/matches/match
es.service.ts[0m:[93
m233[0m:[93m25[0m 
- [91merror[0m[90m 
TS2532: [0mObject is 
possibly 'undefined'.

[7m233[0m     const 
match = await 
this.findOne(id);
[7m   [0m [91m     
                   
~~~~[0m
[96msrc/matches/match
es.service.ts[0m:[93
m233[0m:[93m38[0m 
- [91merror[0m[90m 
TS2304: [0mCannot 
find name 'id'.

[7m233[0m     const 
match = await 
this.findOne(id);
[7m   [0m [91m     
                      
          ~~[0m
[96msrc/matches/match
es.service.ts[0m:[93
m233[0m:[93m41[0m 
- [91merror[0m[90m 
TS1005: [0m',' 
expected.

[7m233[0m     const 
match = await 
this.findOne(id);
[7m   [0m [91m     
                      
             ~[0m
[96msrc/matches/match
es.service.ts[0m:[93
m234[0m:[93m5[0m - 
[91merror[0m[90m 
TS18004: [0mNo value 
exists in scope for 
the shorthand 
property 'await'. 
Either declare one or 
provide an 
initializer.

[7m234[0m     await 
this.prisma.match.dele
te({
[7m   [0m [91m    
~~~~~[0m
[96msrc/matches/match
es.service.ts[0m:[93
m234[0m:[93m11[0m 
- [91merror[0m[90m 
TS1005: [0m',' 
expected.

[7m234[0m     await 
this.prisma.match.dele
te({
[7m   [0m [91m     
     ~~~~[0m
[96msrc/matches/match
es.service.ts[0m:[93
m234[0m:[93m15[0m 
- [91merror[0m[90m 
TS1005: [0m':' 
expected.

[7m234[0m     await 
this.prisma.match.dele
te({
[7m   [0m [91m     
         ~[0m
[96msrc/matches/match
es.service.ts[0m:[93
m235[0m:[93m16[0m 
- [91merror[0m[90m 
TS18004: [0mNo value 
exists in scope for 
the shorthand 
property 'id'. Either 
declare one or 
provide an 
initializer.

[7m235[0m       
where: { id },
[7m   [0m [91m     
          ~~[0m
[96msrc/matches/match
es.service.ts[0m:[93
m236[0m:[93m7[0m - 
[91merror[0m[90m 
TS1005: [0m',' 
expected.

[7m236[0m     });
[7m   [0m [91m     
 ~[0m
[96msrc/matches/match
es.service.ts[0m:[93
m238[0m:[93m1[0m - 
[91merror[0m[90m 
TS1128: 
[0mDeclaration or 
statement expected.

[7m238[0m }
[7m   [0m [91m~[0m
[96msrc/players/playe
rs.service.ts[0m:[93
m366[0m:[93m40[0m 
- [91merror[0m[90m 
TS2345: [0mArgument 
of type '{ candidate: 
PlayerDataDto; 
existingPlayer: { id: 
string; firstName: 
string; lastName: 
string; }; 
similarityScore: 
number; }' is not 
assignable to 
parameter of type '{ 
candidate: any; 
existingPlayer: { id: 
string; firstName: 
string; lastName: 
string; }; 
similarityScore: 
number; status: 
string; }'.
  Property 'status' 
is missing in type '{ 
candidate: 
PlayerDataDto; 
existingPlayer: { id: 
string; firstName: 
string; lastName: 
string; }; 
similarityScore: 
number; }' but 
required in type '{ 
candidate: any; 
existingPlayer: { id: 
string; firstName: 
string; lastName: 
string; }; 
similarityScore: 
number; status: 
string; }'.

[7m366[0m           
result.duplicateMatche
s.push({
[7m   [0m [91m     
                      
            ~[0m
[7m367[0m           
  candidate: 
playerData,
[7m   [0m [91m~~~~~
~~~~~~~~~~~~~~~~~~~~~~
~~~~~~~[0m
[7m...[0m 
[7m373[0m           
  similarityScore: dup
licateCheck.similarity
Score,
[7m   [0m [91m~~~~~
~~~~~~~~~~~~~~~~~~~~~~
~~~~~~~~~~~~~~~~~~~~~~
~~~~~~~~~~~[0m
[7m374[0m           
});
[7m   [0m 
[91m~~~~~~~~~~~[0m

  [96msrc/players/dto
/player-response.dto.t
s[0m:[93m45[0m:[93
m5[0m
    [7m45[0m     
status: string; // 
EXACT_MATCH or 
POTENTIAL_DUPLICATE
    [7m  [0m [96m  
  ~~~~~~[0m
    'status' is 
declared here.

