node.exe : FAIL test/
admin.e2e-spec.ts
At line:1 char:1
+ & "C:\Program Files
\nodejs/node.exe" 
"C:\Program 
Files\nodejs/node_mo 
...
+ ~~~~~~~~~~~~~~~~~~~
~~~~~~~~~~~~~~~~~~~~~
~~~~~~~~~~~~~~~~~~~~~
~~~~~~~~
    + CategoryInfo   
           : NotSpe  
  cified: (FAIL te   
 st/admin.e2e-spe    
c.ts:String) [],     
RemoteException
    + FullyQualified 
   ErrorId : Native  
  CommandError
 
  ΓùÅ Test suite 
failed to run

    [96mtest/admin.e
2e-spec.ts[0m:[93m4
4[0m:[93m28[0m - 
[91merror[0m[90m 
TS2349: [0mThis 
expression is not 
callable.
      Type '{ 
default: 
SuperTestStatic; 
Test: typeof Test; 
agent: typeof 
TestAgent & ((app?: 
App, options?: 
AgentOptions) => 
TestAgent<Test>); }' 
has no call 
signatures.

    [7m44[0m     
const loginRes = 
await request(app.get
HttpServer())
    [7m  [0m [91m 
                     
     ~~~~~~~[0m

      [96mtest/admin
.e2e-spec.ts[0m:[93
m3[0m:[93m1[0m
        [7m3[0m 
import * as request 
from "supertest";
        [7m [0m [9
6m~~~~~~~~~~~~~~~~~~~
~~~~~~~~~~~~~~~~~~[0
m
        Type 
originates at this 
import. A 
namespace-style 
import cannot be 
called or 
constructed, and 
will cause a failure 
at runtime. Consider 
using a default 
import or import 
require here instead.
    [96mtest/admin.e
2e-spec.ts[0m:[93m6
6[0m:[93m13[0m - 
[91merror[0m[90m 
TS2349: [0mThis 
expression is not 
callable.
      Type '{ 
default: 
SuperTestStatic; 
Test: typeof Test; 
agent: typeof 
TestAgent & ((app?: 
App, options?: 
AgentOptions) => 
TestAgent<Test>); }' 
has no call 
signatures.

    [7m66[0m       
await request(app.get
HttpServer())
    [7m  [0m [91m 
           
~~~~~~~[0m

      [96mtest/admin
.e2e-spec.ts[0m:[93
m3[0m:[93m1[0m
        [7m3[0m 
import * as request 
from "supertest";
        [7m [0m [9
6m~~~~~~~~~~~~~~~~~~~
~~~~~~~~~~~~~~~~~~[0
m
        Type 
originates at this 
import. A 
namespace-style 
import cannot be 
called or 
constructed, and 
will cause a failure 
at runtime. Consider 
using a default 
import or import 
require here instead.
    [96mtest/admin.e
2e-spec.ts[0m:[93m8
1[0m:[93m13[0m - 
[91merror[0m[90m 
TS2349: [0mThis 
expression is not 
callable.
      Type '{ 
default: 
SuperTestStatic; 
Test: typeof Test; 
agent: typeof 
TestAgent & ((app?: 
App, options?: 
AgentOptions) => 
TestAgent<Test>); }' 
has no call 
signatures.

    [7m81[0m       
await request(app.get
HttpServer())
    [7m  [0m [91m 
           
~~~~~~~[0m

      [96mtest/admin
.e2e-spec.ts[0m:[93
m3[0m:[93m1[0m
        [7m3[0m 
import * as request 
from "supertest";
        [7m [0m [9
6m~~~~~~~~~~~~~~~~~~~
~~~~~~~~~~~~~~~~~~[0
m
        Type 
originates at this 
import. A 
namespace-style 
import cannot be 
called or 
constructed, and 
will cause a failure 
at runtime. Consider 
using a default 
import or import 
require here instead.
    [96mtest/admin.e
2e-spec.ts[0m:[93m1
10[0m:[93m13[0m - 
[91merror[0m[90m 
TS2349: [0mThis 
expression is not 
callable.
      Type '{ 
default: 
SuperTestStatic; 
Test: typeof Test; 
agent: typeof 
TestAgent & ((app?: 
App, options?: 
AgentOptions) => 
TestAgent<Test>); }' 
has no call 
signatures.

    [7m110[0m      
 await request(app.ge
tHttpServer())
    [7m   [0m 
[91m            
~~~~~~~[0m

      [96mtest/admin
.e2e-spec.ts[0m:[93
m3[0m:[93m1[0m
        [7m3[0m 
import * as request 
from "supertest";
        [7m [0m [9
6m~~~~~~~~~~~~~~~~~~~
~~~~~~~~~~~~~~~~~~[0
m
        Type 
originates at this 
import. A 
namespace-style 
import cannot be 
called or 
constructed, and 
will cause a failure 
at runtime. Consider 
using a default 
import or import 
require here instead.
    [96mtest/admin.e
2e-spec.ts[0m:[93m1
38[0m:[93m13[0m - 
[91merror[0m[90m 
TS2349: [0mThis 
expression is not 
callable.
      Type '{ 
default: 
SuperTestStatic; 
Test: typeof Test; 
agent: typeof 
TestAgent & ((app?: 
App, options?: 
AgentOptions) => 
TestAgent<Test>); }' 
has no call 
signatures.

    [7m138[0m      
 await request(app.ge
tHttpServer())
    [7m   [0m 
[91m            
~~~~~~~[0m

      [96mtest/admin
.e2e-spec.ts[0m:[93
m3[0m:[93m1[0m
        [7m3[0m 
import * as request 
from "supertest";
        [7m [0m [9
6m~~~~~~~~~~~~~~~~~~~
~~~~~~~~~~~~~~~~~~[0
m
        Type 
originates at this 
import. A 
namespace-style 
import cannot be 
called or 
constructed, and 
will cause a failure 
at runtime. Consider 
using a default 
import or import 
require here instead.

Test Suites: 1 
failed, 1 total
Tests:       0 total
Snapshots:   0 total
Time:        4.65 s
Ran all test suites 
matching /test\\admin
.e2e-spec.ts/i.
